­ƒÜÇ Testing new weapon systems...

­ƒôé Loading game...
ÔØî Access to fetch at 'file:///D:/Dropbox/Free%20Games/2025%20RPG/CLAUDE%20GAMES/CURSOR%20STAR%20SEA/star-sea/star-sea/FEDERATION_DD_weapons.json' from origin 'null' has been blocked by CORS policy: Cross origin requests are only supported for protocol schemes: chrome, chrome-extension, chrome-untrusted, data, http, https, isolated-app.
ÔØî Failed to load resource: net::ERR_FAILED
ÔØî Access to fetch at 'file:///D:/Dropbox/Free%20Games/2025%20RPG/CLAUDE%20GAMES/CURSOR%20STAR%20SEA/star-sea/star-sea/FEDERATION_CL_weapons.json' from origin 'null' has been blocked by CORS policy: Cross origin requests are only supported for protocol schemes: chrome, chrome-extension, chrome-untrusted, data, http, https, isolated-app.
ÔØî Failed to load resource: net::ERR_FAILED
ÔØî Access to fetch at 'file:///D:/Dropbox/Free%20Games/2025%20RPG/CLAUDE%20GAMES/CURSOR%20STAR%20SEA/star-sea/star-sea/FEDERATION_CA_weapons.json' from origin 'null' has been blocked by CORS policy: Cross origin requests are only supported for protocol schemes: chrome, chrome-extension, chrome-untrusted, data, http, https, isolated-app.
ÔØî Failed to load resource: net::ERR_FAILED
ÔØî Access to fetch at 'file:///D:/Dropbox/Free%20Games/2025%20RPG/CLAUDE%20GAMES/CURSOR%20STAR%20SEA/star-sea/star-sea/FEDERATION_BC_weapons.json' from origin 'null' has been blocked by CORS policy: Cross origin requests are only supported for protocol schemes: chrome, chrome-extension, chrome-untrusted, data, http, https, isolated-app.
ÔØî Failed to load resource: net::ERR_FAILED
ÔØî Access to fetch at 'file:///D:/Dropbox/Free%20Games/2025%20RPG/CLAUDE%20GAMES/CURSOR%20STAR%20SEA/star-sea/star-sea/FEDERATION_BB_weapons.json' from origin 'null' has been blocked by CORS policy: Cross origin requests are only supported for protocol schemes: chrome, chrome-extension, chrome-untrusted, data, http, https, isolated-app.
ÔØî Failed to load resource: net::ERR_FAILED
ÔØî Access to fetch at 'file:///D:/Dropbox/Free%20Games/2025%20RPG/CLAUDE%20GAMES/CURSOR%20STAR%20SEA/star-sea/star-sea/TRIGON_DD_weapons.json' from origin 'null' has been blocked by CORS policy: Cross origin requests are only supported for protocol schemes: chrome, chrome-extension, chrome-untrusted, data, http, https, isolated-app.
ÔØî Failed to load resource: net::ERR_FAILED
ÔØî Access to fetch at 'file:///D:/Dropbox/Free%20Games/2025%20RPG/CLAUDE%20GAMES/CURSOR%20STAR%20SEA/star-sea/star-sea/TRIGON_CL_weapons.json' from origin 'null' has been blocked by CORS policy: Cross origin requests are only supported for protocol schemes: chrome, chrome-extension, chrome-untrusted, data, http, https, isolated-app.
ÔØî Failed to load resource: net::ERR_FAILED
ÔØî Access to fetch at 'file:///D:/Dropbox/Free%20Games/2025%20RPG/CLAUDE%20GAMES/CURSOR%20STAR%20SEA/star-sea/star-sea/TRIGON_CA_weapons.json' from origin 'null' has been blocked by CORS policy: Cross origin requests are only supported for protocol schemes: chrome, chrome-extension, chrome-untrusted, data, http, https, isolated-app.
ÔØî Failed to load resource: net::ERR_FAILED
ÔØî Access to fetch at 'file:///D:/Dropbox/Free%20Games/2025%20RPG/CLAUDE%20GAMES/CURSOR%20STAR%20SEA/star-sea/star-sea/TRIGON_BC_weapons.json' from origin 'null' has been blocked by CORS policy: Cross origin requests are only supported for protocol schemes: chrome, chrome-extension, chrome-untrusted, data, http, https, isolated-app.
ÔØî Failed to load resource: net::ERR_FAILED
ÔØî Access to fetch at 'file:///D:/Dropbox/Free%20Games/2025%20RPG/CLAUDE%20GAMES/CURSOR%20STAR%20SEA/star-sea/star-sea/TRIGON_BB_weapons.json' from origin 'null' has been blocked by CORS policy: Cross origin requests are only supported for protocol schemes: chrome, chrome-extension, chrome-untrusted, data, http, https, isolated-app.
ÔØî Failed to load resource: net::ERR_FAILED
ÔØî Access to fetch at 'file:///D:/Dropbox/Free%20Games/2025%20RPG/CLAUDE%20GAMES/CURSOR%20STAR%20SEA/star-sea/star-sea/SCINTILIAN_DD_weapons.json' from origin 'null' has been blocked by CORS policy: Cross origin requests are only supported for protocol schemes: chrome, chrome-extension, chrome-untrusted, data, http, https, isolated-app.
ÔØî Failed to load resource: net::ERR_FAILED
ÔØî Access to fetch at 'file:///D:/Dropbox/Free%20Games/2025%20RPG/CLAUDE%20GAMES/CURSOR%20STAR%20SEA/star-sea/star-sea/SCINTILIAN_CL_weapons.json' from origin 'null' has been blocked by CORS policy: Cross origin requests are only supported for protocol schemes: chrome, chrome-extension, chrome-untrusted, data, http, https, isolated-app.
ÔØî Failed to load resource: net::ERR_FAILED
ÔØî Access to fetch at 'file:///D:/Dropbox/Free%20Games/2025%20RPG/CLAUDE%20GAMES/CURSOR%20STAR%20SEA/star-sea/star-sea/SCINTILIAN_CA_weapons.json' from origin 'null' has been blocked by CORS policy: Cross origin requests are only supported for protocol schemes: chrome, chrome-extension, chrome-untrusted, data, http, https, isolated-app.
ÔØî Failed to load resource: net::ERR_FAILED
ÔØî Access to fetch at 'file:///D:/Dropbox/Free%20Games/2025%20RPG/CLAUDE%20GAMES/CURSOR%20STAR%20SEA/star-sea/star-sea/SCINTILIAN_BC_weapons.json' from origin 'null' has been blocked by CORS policy: Cross origin requests are only supported for protocol schemes: chrome, chrome-extension, chrome-untrusted, data, http, https, isolated-app.
ÔØî Failed to load resource: net::ERR_FAILED
ÔØî Access to fetch at 'file:///D:/Dropbox/Free%20Games/2025%20RPG/CLAUDE%20GAMES/CURSOR%20STAR%20SEA/star-sea/star-sea/SCINTILIAN_BB_weapons.json' from origin 'null' has been blocked by CORS policy: Cross origin requests are only supported for protocol schemes: chrome, chrome-extension, chrome-untrusted, data, http, https, isolated-app.
ÔØî Failed to load resource: net::ERR_FAILED
Ô£à Game loaded

ÔØî JavaScript Errors Found:
   - Missing class: QuantumTorpedoLauncher
   - Missing class: GravityTorpedoLauncher
   - Missing class: GravBeam
   - Missing class: EnergyTorpedoLauncher
   - Missing class: TractorRepulsorBeam
   - Missing class: ReflectorShieldSystem
   - Missing class: PowerAbsorberSystem
­ƒÄ« Starting new game...
Ô£ö´©Å Accepting mission...
